// Jest Snapshot v1, https://goo.gl/fbAQLP

exports[`App matches the last snapshot 1`] = `
ShallowWrapper {
  Symbol(enzyme.__root__): [Circular],
  Symbol(enzyme.__unrendered__): <App />,
  Symbol(enzyme.__renderer__): Object {
    "batchedUpdates": [Function],
    "getNode": [Function],
    "render": [Function],
    "simulateError": [Function],
    "simulateEvent": [Function],
    "unmount": [Function],
  },
  Symbol(enzyme.__node__): Object {
    "instance": null,
    "key": undefined,
    "nodeType": "host",
    "props": Object {
      "children": Array [
        <div
          className="sidebar pure-u-1 pure-u-md-1-4"
        >
          <Header />
        </div>,
        <div
          className="content pure-u-1 pure-u-md-3-4"
        >
          <Routes
            fetchPosts={[Function]}
            posts={Array []}
          />
          
        </div>,
        <Footer />,
      ],
      "className": "pure-g",
      "id": "layout",
    },
    "ref": null,
    "rendered": Array [
      Object {
        "instance": null,
        "key": undefined,
        "nodeType": "host",
        "props": Object {
          "children": <Header />,
          "className": "sidebar pure-u-1 pure-u-md-1-4",
        },
        "ref": null,
        "rendered": Object {
          "instance": null,
          "key": undefined,
          "nodeType": "function",
          "props": Object {},
          "ref": null,
          "rendered": null,
          "type": [Function],
        },
        "type": "div",
      },
      Object {
        "instance": null,
        "key": undefined,
        "nodeType": "host",
        "props": Object {
          "children": Array [
            <Routes
              fetchPosts={[Function]}
              posts={Array []}
            />,
            "",
          ],
          "className": "content pure-u-1 pure-u-md-3-4",
        },
        "ref": null,
        "rendered": Array [
          Object {
            "instance": null,
            "key": undefined,
            "nodeType": "class",
            "props": Object {
              "fetchPosts": [Function],
              "posts": Array [],
            },
            "ref": null,
            "rendered": null,
            "type": [Function],
          },
          "",
        ],
        "type": "div",
      },
      Object {
        "instance": null,
        "key": undefined,
        "nodeType": "function",
        "props": Object {},
        "ref": null,
        "rendered": null,
        "type": [Function],
      },
    ],
    "type": "div",
  },
  Symbol(enzyme.__nodes__): Array [
    Object {
      "instance": null,
      "key": undefined,
      "nodeType": "host",
      "props": Object {
        "children": Array [
          <div
            className="sidebar pure-u-1 pure-u-md-1-4"
          >
            <Header />
          </div>,
          <div
            className="content pure-u-1 pure-u-md-3-4"
          >
            <Routes
              fetchPosts={[Function]}
              posts={Array []}
            />
            
          </div>,
          <Footer />,
        ],
        "className": "pure-g",
        "id": "layout",
      },
      "ref": null,
      "rendered": Array [
        Object {
          "instance": null,
          "key": undefined,
          "nodeType": "host",
          "props": Object {
            "children": <Header />,
            "className": "sidebar pure-u-1 pure-u-md-1-4",
          },
          "ref": null,
          "rendered": Object {
            "instance": null,
            "key": undefined,
            "nodeType": "function",
            "props": Object {},
            "ref": null,
            "rendered": null,
            "type": [Function],
          },
          "type": "div",
        },
        Object {
          "instance": null,
          "key": undefined,
          "nodeType": "host",
          "props": Object {
            "children": Array [
              <Routes
                fetchPosts={[Function]}
                posts={Array []}
              />,
              "",
            ],
            "className": "content pure-u-1 pure-u-md-3-4",
          },
          "ref": null,
          "rendered": Array [
            Object {
              "instance": null,
              "key": undefined,
              "nodeType": "class",
              "props": Object {
                "fetchPosts": [Function],
                "posts": Array [],
              },
              "ref": null,
              "rendered": null,
              "type": [Function],
            },
            "",
          ],
          "type": "div",
        },
        Object {
          "instance": null,
          "key": undefined,
          "nodeType": "function",
          "props": Object {},
          "ref": null,
          "rendered": null,
          "type": [Function],
        },
      ],
      "type": "div",
    },
  ],
  Symbol(enzyme.__options__): Object {
    "adapter": ReactSixteenAdapter {
      "options": Object {
        "enableComponentDidUpdateOnSetState": true,
        "lifecycles": Object {
          "componentDidUpdate": Object {
            "onSetState": true,
          },
          "getDerivedStateFromProps": true,
          "getSnapshotBeforeUpdate": true,
          "setState": Object {
            "skipsComponentDidUpdateOnNullish": true,
          },
        },
      },
    },
    "attachTo": undefined,
    "hydrateIn": undefined,
  },
}
`;
